[waseryweb.tech/secure-devices/indexf29b.html]
[backblue.gif]
[fade.gif]
[index.html]
[waseryweb.tech/wp-content/plugins/colibri-page-builder/extend-builder/assets/static/css/theme1bfc.css]
[waseryweb.tech/wp-content/themes/brite/resources/images/header-shapes/circles.png]
[waseryweb.tech/wp-content/themes/brite/resources/images/header-shapes/10degree-stripes.png]
[waseryweb.tech/wp-content/themes/brite/resources/images/header-shapes/rounded-squares-blue.png]
[waseryweb.tech/wp-content/themes/brite/resources/images/header-shapes/many-rounded-squares-blue.png]
[waseryweb.tech/wp-content/themes/brite/resources/images/header-shapes/two-circles.png]
[waseryweb.tech/wp-content/themes/brite/resources/images/header-shapes/circles-2.png]
[waseryweb.tech/wp-content/themes/brite/resources/images/header-shapes/circles-3.png]
[waseryweb.tech/wp-content/themes/brite/resources/images/header-shapes/circles-gradient.png]
[waseryweb.tech/wp-content/themes/brite/resources/images/header-shapes/circles-white-gradient.png]
[waseryweb.tech/wp-content/themes/brite/resources/images/header-shapes/waves.png]
[waseryweb.tech/wp-content/themes/brite/resources/images/header-shapes/waves-inverted.png]
[waseryweb.tech/wp-content/themes/brite/resources/images/header-shapes/dots.png]
[waseryweb.tech/wp-content/themes/brite/resources/images/header-shapes/left-tilted-lines.png]
[waseryweb.tech/wp-content/themes/brite/resources/images/header-shapes/right-tilted-lines.png]
[waseryweb.tech/wp-content/themes/brite/resources/images/header-shapes/right-tilted-strips.png]
[waseryweb.tech/wp-content/uploads/2023/01/home-page-header-scaled-1.jpg]
[waseryweb.tech/wp-content/uploads/2023/01/laptop-iphone-desk-computer-macbook-table-1268027-pxhere-com.jpg]
[waseryweb.tech/wp-content/uploads/2023/01/table-plant-white-house-interior-window-1392240-pxhere-com.jpg]
[waseryweb.tech/wp-content/uploads/2023/01/laptop-desk-computer-work-table-open-722218-pxhere-com.jpg]
[waseryweb.tech/wp-content/uploads/2023/01/canyon-purple-orange-light-formation-rock-1608614-pxhere-com.jpg]
[waseryweb.tech/wp-content/uploads/2023/01/laptop-desk-computer-writing-screen-man-653052-pxhere-com-1.jpg]
[waseryweb.tech/wp-content/plugins/colibri-page-builder/extend-builder/assets/static/fancybox/jquery.fancybox.min1bfc.css]
[waseryweb.tech/wp-includes/css/dist/block-library/style.min9b30.css]
[waseryweb.tech/wp-content/plugins/header-footer-elementor/assets/css/header-footer-elementor88a1.css]
[waseryweb.tech/wp-content/plugins/elementor/assets/lib/eicons/css/elementor-icons.min192d.css]
[waseryweb.tech/wp-content/plugins/elementor/assets/css/frontend-lite.min6b60.css]
[waseryweb.tech/wp-content/plugins/elementor/assets/lib/swiper/css/swiper.min48f5.css]
[waseryweb.tech/wp-content/uploads/elementor/css/post-144d650.css]
[waseryweb.tech/wp-content/uploads/elementor/css/globald650.css]
[waseryweb.tech/wp-content/uploads/elementor/css/post-1912a4b9.css]
[waseryweb.tech/wp-content/plugins/header-footer-elementor/inc/widgets-css/frontend88a1.css]
[waseryweb.tech/wp-content/uploads/elementor/css/post-186d650.css]
[waseryweb.tech/wp-content/uploads/elementor/css/post-145d650.css]
[waseryweb.tech/wp-content/themes/brite/resources/theme/extras1c96.css]
[waseryweb.tech/wp-content/plugins/elementor/assets/lib/font-awesome/css/fontawesome.min52d5.css]
[waseryweb.tech/wp-content/plugins/elementor/assets/lib/font-awesome/css/solid.min52d5.css]
[waseryweb.tech/wp-content/plugins/elementor/assets/lib/font-awesome/css/regular.min52d5.css]
[waseryweb.tech/wp-includes/js/jquery/jquery.min3088.js]
[waseryweb.tech/wp-includes/js/jquery/jquery-migrate.min5589.js]
[waseryweb.tech/wp-includes/js/imagesloaded.mineda1.js]
[waseryweb.tech/wp-includes/js/masonry.min3a05.js]
[waseryweb.tech/wp-content/plugins/colibri-page-builder/extend-builder/assets/static/colibri1bfc.js]
[waseryweb.tech/wp-content/plugins/colibri-page-builder/extend-builder/assets/static/typed1bfc.js]
[waseryweb.tech/wp-content/plugins/colibri-page-builder/extend-builder/assets/static/fancybox/jquery.fancybox.min1bfc.js]
[waseryweb.tech/wp-content/plugins/colibri-page-builder/extend-builder/assets/static/js/theme1bfc.js]
[waseryweb.tech/secure-devices/index.html]
[waseryweb.tech/wp-content/uploads/2023/08/1.png]
[waseryweb.tech/wp-content/plugins/elementor/assets/js/webpack.runtime.min6b60.js]
[waseryweb.tech/wp-content/plugins/elementor/assets/js/frontend-modules.min6b60.js]
[waseryweb.tech/wp-content/plugins/elementor/assets/lib/waypoints/waypoints.min05da.js]
[waseryweb.tech/wp-includes/js/jquery/ui/core.min3f14.js]
[waseryweb.tech/wp-content/plugins/elementor/assets/js/frontend.min6b60.js]
[waseryweb.tech/wp-includes/js/underscore.mind584.js]
[waseryweb.tech/wp-includes/js/wp-util.min9b30.js]
[waseryweb.tech/wp-content/plugins/wpforms-lite/assets/js/integrations/elementor/frontend.min6338.js]
[waseryweb.tech/secure-devices/indexf29b.html]
[waseryweb.tech/wp-content/plugins/colibri-page-builder/extend-builder/assets/static/css/theme1bfc.css]
[waseryweb.tech/wp-content/plugins/colibri-page-builder/extend-builder/assets/static/fancybox/jquery.fancybox.min1bfc.css]
[waseryweb.tech/wp-includes/css/dist/block-library/style.min9b30.css]
[waseryweb.tech/wp-content/plugins/header-footer-elementor/assets/css/header-footer-elementor88a1.css]
[waseryweb.tech/wp-content/plugins/elementor/assets/lib/eicons/css/elementor-icons.min192d.css]
[waseryweb.tech/wp-content/plugins/elementor/assets/css/frontend-lite.min6b60.css]
[waseryweb.tech/wp-content/plugins/elementor/assets/lib/swiper/css/swiper.min48f5.css]
[waseryweb.tech/wp-content/uploads/elementor/css/post-144d650.css]
[waseryweb.tech/wp-content/uploads/elementor/css/globald650.css]
[waseryweb.tech/wp-content/uploads/elementor/css/post-1912a4b9.css]
[waseryweb.tech/wp-content/plugins/header-footer-elementor/inc/widgets-css/frontend88a1.css]
[waseryweb.tech/wp-content/uploads/elementor/css/post-186d650.css]
[waseryweb.tech/wp-content/uploads/elementor/css/post-145d650.css]
[waseryweb.tech/wp-content/themes/brite/resources/theme/extras1c96.css]
[waseryweb.tech/wp-content/plugins/elementor/assets/lib/font-awesome/css/fontawesome.min52d5.css]
[waseryweb.tech/wp-content/plugins/elementor/assets/lib/font-awesome/css/solid.min52d5.css]
[waseryweb.tech/wp-content/plugins/elementor/assets/lib/font-awesome/css/regular.min52d5.css]
[waseryweb.tech/wp-includes/js/jquery/jquery.min3088.js]
[waseryweb.tech/wp-includes/js/jquery/jquery-migrate.min5589.js]
[waseryweb.tech/wp-includes/js/imagesloaded.mineda1.js]
[waseryweb.tech/wp-includes/js/masonry.min3a05.js]
[waseryweb.tech/wp-content/plugins/colibri-page-builder/extend-builder/assets/static/colibri1bfc.js]
[waseryweb.tech/wp-content/plugins/colibri-page-builder/extend-builder/assets/static/typed1bfc.js]
[waseryweb.tech/wp-content/plugins/colibri-page-builder/extend-builder/assets/static/fancybox/jquery.fancybox.min1bfc.js]
[waseryweb.tech/secure-devices/t]
[waseryweb.tech/secure-devices/e]
[waseryweb.tech/wp-content/plugins/colibri-page-builder/extend-builder/assets/static/js/theme1bfc.js]
[waseryweb.tech/secure-devices/index.html]
[waseryweb.tech/wp-content/plugins/elementor/assets/js/webpack.runtime.min6b60.js]
[waseryweb.tech/wp-content/plugins/elementor/assets/js/frontend-modules.min6b60.js]
[waseryweb.tech/wp-content/plugins/elementor/assets/lib/waypoints/waypoints.min05da.js]
[waseryweb.tech/wp-includes/js/jquery/ui/core.min3f14.js]
[waseryweb.tech/secure-devices/Trident/index.html]
[waseryweb.tech/secure-devices/-negative.3f.delayed]
[waseryweb.tech/wp-content/plugins/elementor/assets/js/frontend.min6b60.js]
[waseryweb.tech/wp-includes/js/underscore.mind584.js]
[waseryweb.tech/wp-includes/js/wp-util.min9b30.js]
[waseryweb.tech/wp-content/plugins/wpforms-lite/assets/js/integrations/elementor/frontend.min6338.js]
[waseryweb.tech/secure-devices/t.html]
[waseryweb.tech/secure-devices/e.html]
[waseryweb.tech/secure-devices/Trident/index.html]
[waseryweb.tech/secure-devices/-negative.html]
[waseryweb.tech/secure-devices/OPR/index.html]
[waseryweb.tech/secure-devices/OPR/index.html]
